Test project /home/jzzeng/codes/qc-xc-expressions/build
      Start  1: vibeqc_native_tests
 1/10 Test  #1: vibeqc_native_tests ....................   Passed    0.05 sec
      Start  2: vibeqc_batch_tests
 2/10 Test  #2: vibeqc_batch_tests .....................   Passed    0.93 sec
      Start  3: vibeqc_cpp_api_tests
 3/10 Test  #3: vibeqc_cpp_api_tests ...................   Passed    0.03 sec
      Start  4: vibeqc_cartesian_integral_tests
 4/10 Test  #4: vibeqc_cartesian_integral_tests ........   Passed    0.14 sec
      Start  5: vibeqc_density_fitting_tests
 5/10 Test  #5: vibeqc_density_fitting_tests ...........   Passed    0.53 sec
      Start  6: vibeqc_cuda_eigensolver_policy_tests
 6/10 Test  #6: vibeqc_cuda_eigensolver_policy_tests ...   Passed    0.00 sec
      Start  7: vibeqc_uhf_tests
 7/10 Test  #7: vibeqc_uhf_tests .......................   Passed    0.09 sec
      Start  8: vibeqc_spherical_tests
 8/10 Test  #8: vibeqc_spherical_tests .................   Passed   17.03 sec
      Start  9: vibeqc_grid_tests
 9/10 Test  #9: vibeqc_grid_tests ......................   Passed    0.00 sec
      Start 10: vibeqc_mixed_precision_tests
10/10 Test #10: vibeqc_mixed_precision_tests ...........   Passed    0.00 sec

100% tests passed, 0 tests failed out of 10

Total Test time (real) =  18.82 sec
