2026-09-08T11:00:12Z
1e93c3cfa10afdf99ee26c70312bcfe533114331
Python 3.11.16
No broken requirements found.
PySCF 2.14.0 Libxc 7.0.0 NumPy 2.2.6 SciPy 1.15.3 SymPy 1.14.0
cmake version 3.31.10

CMake suite maintained and supported by Kitware (kitware.com/cmake).
c++ (Ubuntu 11.4.0-1ubuntu1~22.04.3) 11.4.0
Copyright (C) 2021 Free Software Foundation, Inc.
This is free software; see the source for copying conditions.  There is NO
warranty; not even for MERCHANTABILITY or FITNESS FOR A PARTICULAR PURPOSE.

ruff 0.16.2
d576f7b604ea422dcbe1f5e9aaae6bd98f7280e1adaf983392f8c3c783cdff56  /inspire/qb-ilm/project/chemicalreaction/czxs25220150/projects/vibeqc-issue-162/build/cpu/libvibeqc.so
66227db542a0b4d19827b63f95c98d725a9fc16e96b6eb667d042c49390eb004  tools/vibeqc_xc/__init__.py
f2b6f2efa1909eb9c8f11d31abf934785ed4188139960ef040a0244d6fc7c012  tools/vibeqc_xc/potential.py
70e59519792f94883a36246f12bd1d7068cfbd5a02bb630f15cdb1addd2def10  tools/vibeqc_xc/integration.py
2ad7cfd640e174f4a6c92c2328cfe60a613dffb4a27fbc55793dec40f5c1fb9a  tools/vibeqc_xc/integration_fixtures.py
fc83ad88b16fd7269686315be2f4fb42626eacabf82034e3a3a35fd432f90c50  tools/generate_xc_integration_references.py
60d6474cbdd74b147584e07b512c9708e5275ee77b48af98009abfeb6f0a3feb  tools/validate_xc_integration.py
68ee13723ede477a4db98ec2bddf1f62a03ef981604a7e09fde2334ae0646eea  tests/python/test_xc_integration.py
