Slurm job 9075 source ec4ea652ee1bcb53e729bb369c4163f70c0dd687fb74ac7b168d84165fc917a8
Test project /home/jzzeng/codes/vibeqc-issue-140/build-cuda
      Start  1: vibeqc_fock_build_tests
 1/13 Test  #1: vibeqc_fock_build_tests ................   Passed    0.08 sec
      Start  2: vibeqc_native_tests
 2/13 Test  #2: vibeqc_native_tests ....................   Passed    0.12 sec
      Start  3: vibeqc_scf_proposal_tests
 3/13 Test  #3: vibeqc_scf_proposal_tests ..............   Passed    0.37 sec
      Start  4: vibeqc_batch_tests
 4/13 Test  #4: vibeqc_batch_tests .....................   Passed    1.00 sec
      Start  5: vibeqc_cpp_api_tests
 5/13 Test  #5: vibeqc_cpp_api_tests ...................   Passed    0.10 sec
      Start  6: vibeqc_cartesian_integral_tests
 6/13 Test  #6: vibeqc_cartesian_integral_tests ........   Passed    0.21 sec
      Start  7: vibeqc_density_fitting_tests
 7/13 Test  #7: vibeqc_density_fitting_tests ...........   Passed    3.75 sec
      Start  8: vibeqc_cuda_eigensolver_policy_tests
 8/13 Test  #8: vibeqc_cuda_eigensolver_policy_tests ...   Passed    0.45 sec
      Start  9: vibeqc_uhf_tests
 9/13 Test  #9: vibeqc_uhf_tests .......................   Passed    1.52 sec
      Start 10: vibeqc_spherical_tests
10/13 Test #10: vibeqc_spherical_tests .................   Passed   38.47 sec
      Start 11: vibeqc_basis_contract_tests
11/13 Test #11: vibeqc_basis_contract_tests ............   Passed    0.08 sec
      Start 12: vibeqc_grid_tests
12/13 Test #12: vibeqc_grid_tests ......................   Passed    0.08 sec
      Start 13: vibeqc_mixed_precision_tests
13/13 Test #13: vibeqc_mixed_precision_tests ...........   Passed    0.69 sec

100% tests passed, 0 tests failed out of 13

Total Test time (real) =  46.93 sec
.................                                                        [100%]
17 passed in 60.02s (0:01:00)
.........................................                                [100%]
41 passed in 7.46s
ssssssssssssss                                                           [100%]
14 skipped in 0.09s
