ptxas info    : 0 bytes gmem
ptxas info    : Compiling entry function '_ZN13vibeqc_tensor11check_scaleEPdldPii' for 'sm_120'
ptxas info    : Function properties for _ZN13vibeqc_tensor11check_scaleEPdldPii
    0 bytes stack frame, 0 bytes spill stores, 0 bytes spill loads
ptxas info    : Used 26 registers, used 0 barriers
ptxas info    : Compile time = 13.757 ms
ptxas info    : Compiling entry function '_Z11xc_group_35PKdPdmPi' for 'sm_120'
ptxas info    : Function properties for _Z11xc_group_35PKdPdmPi
    0 bytes stack frame, 0 bytes spill stores, 0 bytes spill loads
ptxas info    : Used 14 registers, used 0 barriers
ptxas info    : Compile time = 1.900 ms
ptxas info    : Compiling entry function '_Z11xc_group_34PKdPdmPi' for 'sm_120'
ptxas info    : Function properties for _Z11xc_group_34PKdPdmPi
    0 bytes stack frame, 0 bytes spill stores, 0 bytes spill loads
ptxas info    : Used 14 registers, used 0 barriers
ptxas info    : Compile time = 1.708 ms
ptxas info    : Compiling entry function '_Z11xc_group_33PKdPdmPi' for 'sm_120'
ptxas info    : Function properties for _Z11xc_group_33PKdPdmPi
    0 bytes stack frame, 0 bytes spill stores, 0 bytes spill loads
ptxas info    : Used 14 registers, used 0 barriers
ptxas info    : Compile time = 1.705 ms
ptxas info    : Compiling entry function '_Z11xc_group_32PKdPdmPi' for 'sm_120'
ptxas info    : Function properties for _Z11xc_group_32PKdPdmPi
    0 bytes stack frame, 0 bytes spill stores, 0 bytes spill loads
ptxas info    : Used 12 registers, used 0 barriers
ptxas info    : Compile time = 1.621 ms
ptxas info    : Compiling entry function '_Z11xc_group_31PKdPdmPi' for 'sm_120'
ptxas info    : Function properties for _Z11xc_group_31PKdPdmPi
    0 bytes stack frame, 0 bytes spill stores, 0 bytes spill loads
ptxas info    : Used 14 registers, used 0 barriers
ptxas info    : Compile time = 1.698 ms
ptxas info    : Compiling entry function '_Z11xc_group_30PKdPdmPi' for 'sm_120'
ptxas info    : Function properties for _Z11xc_group_30PKdPdmPi
    0 bytes stack frame, 0 bytes spill stores, 0 bytes spill loads
ptxas info    : Used 62 registers, used 0 barriers
ptxas info    : Compile time = 75.721 ms
ptxas info    : Function properties for __internal_accurate_pow
    0 bytes stack frame, 0 bytes spill stores, 0 bytes spill loads
ptxas info    : Compiling entry function '_Z11xc_group_29PKdPdmPi' for 'sm_120'
ptxas info    : Function properties for _Z11xc_group_29PKdPdmPi
    0 bytes stack frame, 0 bytes spill stores, 0 bytes spill loads
ptxas info    : Used 14 registers, used 0 barriers
ptxas info    : Compile time = 1.821 ms
ptxas info    : Compiling entry function '_Z11xc_group_28PKdPdmPi' for 'sm_120'
ptxas info    : Function properties for _Z11xc_group_28PKdPdmPi
    0 bytes stack frame, 0 bytes spill stores, 0 bytes spill loads
ptxas info    : Used 14 registers, used 0 barriers
ptxas info    : Compile time = 1.731 ms
ptxas info    : Compiling entry function '_Z11xc_group_27PKdPdmPi' for 'sm_120'
ptxas info    : Function properties for _Z11xc_group_27PKdPdmPi
    0 bytes stack frame, 0 bytes spill stores, 0 bytes spill loads
ptxas info    : Used 60 registers, used 0 barriers
ptxas info    : Compile time = 69.244 ms
ptxas info    : Function properties for __internal_accurate_pow
    0 bytes stack frame, 0 bytes spill stores, 0 bytes spill loads
ptxas info    : Compiling entry function '_Z11xc_group_26PKdPdmPi' for 'sm_120'
ptxas info    : Function properties for _Z11xc_group_26PKdPdmPi
    0 bytes stack frame, 0 bytes spill stores, 0 bytes spill loads
ptxas info    : Used 60 registers, used 0 barriers
ptxas info    : Compile time = 68.497 ms
ptxas info    : Function properties for __internal_accurate_pow
    0 bytes stack frame, 0 bytes spill stores, 0 bytes spill loads
ptxas info    : Compiling entry function '_Z11xc_group_25PKdPdmPi' for 'sm_120'
ptxas info    : Function properties for _Z11xc_group_25PKdPdmPi
    0 bytes stack frame, 0 bytes spill stores, 0 bytes spill loads
ptxas info    : Used 14 registers, used 0 barriers
ptxas info    : Compile time = 1.810 ms
ptxas info    : Compiling entry function '_Z11xc_group_24PKdPdmPi' for 'sm_120'
ptxas info    : Function properties for _Z11xc_group_24PKdPdmPi
    0 bytes stack frame, 0 bytes spill stores, 0 bytes spill loads
ptxas info    : Used 14 registers, used 0 barriers
ptxas info    : Compile time = 1.736 ms
ptxas info    : Compiling entry function '_Z11xc_group_23PKdPdmPi' for 'sm_120'
ptxas info    : Function properties for _Z11xc_group_23PKdPdmPi
    0 bytes stack frame, 0 bytes spill stores, 0 bytes spill loads
ptxas info    : Used 60 registers, used 0 barriers
ptxas info    : Compile time = 69.427 ms
ptxas info    : Function properties for __internal_accurate_pow
    0 bytes stack frame, 0 bytes spill stores, 0 bytes spill loads
ptxas info    : Compiling entry function '_Z11xc_group_22PKdPdmPi' for 'sm_120'
ptxas info    : Function properties for _Z11xc_group_22PKdPdmPi
    0 bytes stack frame, 0 bytes spill stores, 0 bytes spill loads
ptxas info    : Used 60 registers, used 0 barriers
ptxas info    : Compile time = 69.746 ms
ptxas info    : Function properties for __internal_accurate_pow
    0 bytes stack frame, 0 bytes spill stores, 0 bytes spill loads
ptxas info    : Compiling entry function '_Z11xc_group_21PKdPdmPi' for 'sm_120'
ptxas info    : Function properties for _Z11xc_group_21PKdPdmPi
    0 bytes stack frame, 0 bytes spill stores, 0 bytes spill loads
ptxas info    : Used 62 registers, used 0 barriers
ptxas info    : Compile time = 76.281 ms
ptxas info    : Function properties for __internal_accurate_pow
    0 bytes stack frame, 0 bytes spill stores, 0 bytes spill loads
ptxas info    : Compiling entry function '_Z11xc_group_20PKdPdmPi' for 'sm_120'
ptxas info    : Function properties for _Z11xc_group_20PKdPdmPi
    0 bytes stack frame, 0 bytes spill stores, 0 bytes spill loads
ptxas info    : Used 14 registers, used 0 barriers
ptxas info    : Compile time = 2.079 ms
ptxas info    : Compiling entry function '_Z11xc_group_19PKdPdmPi' for 'sm_120'
ptxas info    : Function properties for _Z11xc_group_19PKdPdmPi
    0 bytes stack frame, 0 bytes spill stores, 0 bytes spill loads
ptxas info    : Used 14 registers, used 0 barriers
ptxas info    : Compile time = 1.760 ms
ptxas info    : Compiling entry function '_Z11xc_group_18PKdPdmPi' for 'sm_120'
ptxas info    : Function properties for _Z11xc_group_18PKdPdmPi
    0 bytes stack frame, 0 bytes spill stores, 0 bytes spill loads
ptxas info    : Used 122 registers, used 0 barriers
ptxas info    : Compile time = 115.780 ms
ptxas info    : Function properties for __internal_accurate_pow
    0 bytes stack frame, 0 bytes spill stores, 0 bytes spill loads
ptxas info    : Compiling entry function '_Z11xc_group_17PKdPdmPi' for 'sm_120'
ptxas info    : Function properties for _Z11xc_group_17PKdPdmPi
    0 bytes stack frame, 0 bytes spill stores, 0 bytes spill loads
ptxas info    : Used 118 registers, used 0 barriers
ptxas info    : Compile time = 103.805 ms
ptxas info    : Function properties for __internal_accurate_pow
    0 bytes stack frame, 0 bytes spill stores, 0 bytes spill loads
ptxas info    : Compiling entry function '_Z11xc_group_16PKdPdmPi' for 'sm_120'
ptxas info    : Function properties for _Z11xc_group_16PKdPdmPi
    0 bytes stack frame, 0 bytes spill stores, 0 bytes spill loads
ptxas info    : Used 122 registers, used 0 barriers
ptxas info    : Compile time = 107.196 ms
ptxas info    : Function properties for __internal_accurate_pow
    0 bytes stack frame, 0 bytes spill stores, 0 bytes spill loads
ptxas info    : Compiling entry function '_Z11xc_group_15PKdPdmPi' for 'sm_120'
ptxas info    : Function properties for _Z11xc_group_15PKdPdmPi
    0 bytes stack frame, 0 bytes spill stores, 0 bytes spill loads
ptxas info    : Used 136 registers, used 0 barriers
ptxas info    : Compile time = 172.073 ms
ptxas info    : Function properties for __internal_accurate_pow
    0 bytes stack frame, 0 bytes spill stores, 0 bytes spill loads
ptxas info    : Compiling entry function '_Z11xc_group_14PKdPdmPi' for 'sm_120'
ptxas info    : Function properties for _Z11xc_group_14PKdPdmPi
    0 bytes stack frame, 0 bytes spill stores, 0 bytes spill loads
ptxas info    : Used 14 registers, used 0 barriers
ptxas info    : Compile time = 2.021 ms
ptxas info    : Compiling entry function '_Z11xc_group_13PKdPdmPi' for 'sm_120'
ptxas info    : Function properties for _Z11xc_group_13PKdPdmPi
    0 bytes stack frame, 0 bytes spill stores, 0 bytes spill loads
ptxas info    : Used 14 registers, used 0 barriers
ptxas info    : Compile time = 1.755 ms
ptxas info    : Compiling entry function '_Z11xc_group_12PKdPdmPi' for 'sm_120'
ptxas info    : Function properties for _Z11xc_group_12PKdPdmPi
    0 bytes stack frame, 0 bytes spill stores, 0 bytes spill loads
ptxas info    : Used 122 registers, used 0 barriers
ptxas info    : Compile time = 102.678 ms
ptxas info    : Function properties for __internal_accurate_pow
    0 bytes stack frame, 0 bytes spill stores, 0 bytes spill loads
ptxas info    : Compiling entry function '_Z11xc_group_11PKdPdmPi' for 'sm_120'
ptxas info    : Function properties for _Z11xc_group_11PKdPdmPi
    0 bytes stack frame, 0 bytes spill stores, 0 bytes spill loads
ptxas info    : Used 122 registers, used 0 barriers
ptxas info    : Compile time = 103.939 ms
ptxas info    : Function properties for __internal_accurate_pow
    0 bytes stack frame, 0 bytes spill stores, 0 bytes spill loads
ptxas info    : Compiling entry function '_Z11xc_group_10PKdPdmPi' for 'sm_120'
ptxas info    : Function properties for _Z11xc_group_10PKdPdmPi
    0 bytes stack frame, 0 bytes spill stores, 0 bytes spill loads
ptxas info    : Used 126 registers, used 0 barriers
ptxas info    : Compile time = 115.585 ms
ptxas info    : Function properties for __internal_accurate_pow
    0 bytes stack frame, 0 bytes spill stores, 0 bytes spill loads
ptxas info    : Compiling entry function '_Z10xc_group_9PKdPdmPi' for 'sm_120'
ptxas info    : Function properties for _Z10xc_group_9PKdPdmPi
    0 bytes stack frame, 0 bytes spill stores, 0 bytes spill loads
ptxas info    : Used 132 registers, used 0 barriers
ptxas info    : Compile time = 155.882 ms
ptxas info    : Function properties for __internal_accurate_pow
    0 bytes stack frame, 0 bytes spill stores, 0 bytes spill loads
ptxas info    : Compiling entry function '_Z10xc_group_8PKdPdmPi' for 'sm_120'
ptxas info    : Function properties for _Z10xc_group_8PKdPdmPi
    0 bytes stack frame, 0 bytes spill stores, 0 bytes spill loads
ptxas info    : Used 138 registers, used 0 barriers
ptxas info    : Compile time = 165.941 ms
ptxas info    : Function properties for __internal_accurate_pow
    0 bytes stack frame, 0 bytes spill stores, 0 bytes spill loads
ptxas info    : Compiling entry function '_Z10xc_group_7PKdPdmPi' for 'sm_120'
ptxas info    : Function properties for _Z10xc_group_7PKdPdmPi
    0 bytes stack frame, 0 bytes spill stores, 0 bytes spill loads
ptxas info    : Used 14 registers, used 0 barriers
ptxas info    : Compile time = 1.960 ms
ptxas info    : Compiling entry function '_Z10xc_group_6PKdPdmPi' for 'sm_120'
ptxas info    : Function properties for _Z10xc_group_6PKdPdmPi
    0 bytes stack frame, 0 bytes spill stores, 0 bytes spill loads
ptxas info    : Used 14 registers, used 0 barriers
ptxas info    : Compile time = 1.746 ms
ptxas info    : Compiling entry function '_Z10xc_group_5PKdPdmPi' for 'sm_120'
ptxas info    : Function properties for _Z10xc_group_5PKdPdmPi
    0 bytes stack frame, 0 bytes spill stores, 0 bytes spill loads
ptxas info    : Used 72 registers, used 0 barriers
ptxas info    : Compile time = 71.039 ms
ptxas info    : Function properties for __internal_accurate_pow
    0 bytes stack frame, 0 bytes spill stores, 0 bytes spill loads
ptxas info    : Compiling entry function '_Z10xc_group_4PKdPdmPi' for 'sm_120'
ptxas info    : Function properties for _Z10xc_group_4PKdPdmPi
    0 bytes stack frame, 0 bytes spill stores, 0 bytes spill loads
ptxas info    : Used 64 registers, used 0 barriers
ptxas info    : Compile time = 65.225 ms
ptxas info    : Function properties for __internal_accurate_pow
    0 bytes stack frame, 0 bytes spill stores, 0 bytes spill loads
ptxas info    : Compiling entry function '_Z10xc_group_3PKdPdmPi' for 'sm_120'
ptxas info    : Function properties for _Z10xc_group_3PKdPdmPi
    0 bytes stack frame, 0 bytes spill stores, 0 bytes spill loads
ptxas info    : Used 72 registers, used 0 barriers
ptxas info    : Compile time = 70.691 ms
ptxas info    : Function properties for __internal_accurate_pow
    0 bytes stack frame, 0 bytes spill stores, 0 bytes spill loads
ptxas info    : Compiling entry function '_Z10xc_group_2PKdPdmPi' for 'sm_120'
ptxas info    : Function properties for _Z10xc_group_2PKdPdmPi
    0 bytes stack frame, 0 bytes spill stores, 0 bytes spill loads
ptxas info    : Used 116 registers, used 0 barriers
ptxas info    : Compile time = 112.438 ms
ptxas info    : Function properties for __internal_accurate_pow
    0 bytes stack frame, 0 bytes spill stores, 0 bytes spill loads
ptxas info    : Compiling entry function '_Z10xc_group_1PKdPdmPi' for 'sm_120'
ptxas info    : Function properties for _Z10xc_group_1PKdPdmPi
    0 bytes stack frame, 0 bytes spill stores, 0 bytes spill loads
ptxas info    : Used 118 registers, used 0 barriers
ptxas info    : Compile time = 112.514 ms
ptxas info    : Function properties for __internal_accurate_pow
    0 bytes stack frame, 0 bytes spill stores, 0 bytes spill loads
ptxas info    : Compiling entry function '_Z10xc_group_0PKdPdmPi' for 'sm_120'
ptxas info    : Function properties for _Z10xc_group_0PKdPdmPi
    0 bytes stack frame, 0 bytes spill stores, 0 bytes spill loads
ptxas info    : Used 58 registers, used 0 barriers
ptxas info    : Compile time = 77.347 ms
ptxas info    : Function properties for __internal_accurate_pow
    0 bytes stack frame, 0 bytes spill stores, 0 bytes spill loads
