ptxas info    : 0 bytes gmem
ptxas info    : Compiling entry function '_ZN13vibeqc_tensor11check_scaleEPdldPii' for 'sm_120'
ptxas info    : Function properties for _ZN13vibeqc_tensor11check_scaleEPdldPii
    0 bytes stack frame, 0 bytes spill stores, 0 bytes spill loads
ptxas info    : Used 26 registers, used 0 barriers
ptxas info    : Compile time = 15.697 ms
ptxas info    : Compiling entry function '_Z10xc_group_4PKdPdmPi' for 'sm_120'
ptxas info    : Function properties for _Z10xc_group_4PKdPdmPi
    0 bytes stack frame, 0 bytes spill stores, 0 bytes spill loads
ptxas info    : Used 16 registers, used 0 barriers
ptxas info    : Compile time = 2.205 ms
ptxas info    : Compiling entry function '_Z10xc_group_3PKdPdmPi' for 'sm_120'
ptxas info    : Function properties for _Z10xc_group_3PKdPdmPi
    0 bytes stack frame, 0 bytes spill stores, 0 bytes spill loads
ptxas info    : Used 30 registers, used 0 barriers
ptxas info    : Compile time = 2.475 ms
ptxas info    : Compiling entry function '_Z10xc_group_2PKdPdmPi' for 'sm_120'
ptxas info    : Function properties for _Z10xc_group_2PKdPdmPi
    0 bytes stack frame, 0 bytes spill stores, 0 bytes spill loads
ptxas info    : Used 24 registers, used 0 barriers
ptxas info    : Compile time = 2.342 ms
ptxas info    : Compiling entry function '_Z10xc_group_1PKdPdmPi' for 'sm_120'
ptxas info    : Function properties for _Z10xc_group_1PKdPdmPi
    0 bytes stack frame, 0 bytes spill stores, 0 bytes spill loads
ptxas info    : Used 34 registers, used 0 barriers
ptxas info    : Compile time = 14.002 ms
ptxas info    : Function properties for __internal_accurate_pow
    0 bytes stack frame, 0 bytes spill stores, 0 bytes spill loads
ptxas info    : Compiling entry function '_Z10xc_group_0PKdPdmPi' for 'sm_120'
ptxas info    : Function properties for _Z10xc_group_0PKdPdmPi
    0 bytes stack frame, 0 bytes spill stores, 0 bytes spill loads
ptxas info    : Used 36 registers, used 0 barriers
ptxas info    : Compile time = 16.596 ms
ptxas info    : Function properties for __internal_accurate_pow
    0 bytes stack frame, 0 bytes spill stores, 0 bytes spill loads
